// Jest Snapshot v1, https://goo.gl/fbAQLP

exports[`should render cardlist component 1`] = `ShallowWrapper {}`;
