// Jest Snapshot v1, https://goo.gl/fbAQLP

exports[`should render counterbutton component 1`] = `ShallowWrapper {}`;
