// Jest Snapshot v1, https://goo.gl/fbAQLP

exports[`should not render ErrorBoundary component 1`] = `ShallowWrapper {}`;

exports[`should render ErrorBoundary component 1`] = `undefined`;
