// Jest Snapshot v1, https://goo.gl/fbAQLP

exports[`should render loading component 1`] = `ShallowWrapper {}`;
