// Jest Snapshot v1, https://goo.gl/fbAQLP

exports[`should Scroll component 1`] = `ShallowWrapper {}`;
